[metatun.com/index.html]
[backblue.gif]
[fade.gif]
[index.html]
[metatun.com/favicon.ico]
[metatun.com/css/bootstrap.min.css]
[metatun.com/css/basece31.css]
[metatun.com/css/defaultce31.css]
[metatun.com/image/logo.f2e86c5e.jpg]
[metatun.com/image/ico-info-1.png]
[metatun.com/image/ico-info-2.png]
[metatun.com/image/ico-info-3.png]
[metatun.com/image/ico2.png]
[metatun.com/image/ico3.png]
[metatun.com/image/types1.png]
[metatun.com/glb/4.glb]
[metatun.com/glb/5.glb]
[metatun.com/image/rare/epic/264.png]
[metatun.com/image/rare/epic/250.png]
[metatun.com/image/rare/epic/218.png]
[metatun.com/image/rare/epic/298.png]
[metatun.com/image/rare/rare/150.png]
[metatun.com/image/rare/rare/105.png]
[metatun.com/image/rare/rare/173.png]
[metatun.com/image/rare/rare/200.png]
[metatun.com/image/rare/common/common.png]
[metatun.com/image/rare/common/common1.png]
[metatun.com/image/rare/common/35.png]
[metatun.com/image/rare/common/40.png]
[metatun.com/image/channel2.png]
[metatun.com/image/team1.png]
[metatun.com/image/team2.png]
[metatun.com/image/team4.png]
[metatun.com/image/team5.png]
[metatun.com/plug/jquery.min.js]
[metatun.com/plug/angular.min.js]
[metatun.com/plug/timer/angular-timer.min.js]
[metatun.com/plug/timer/moment.min.js]
[metatun.com/plug/timer/locales.min.js]
[metatun.com/plug/timer/humanize-duration.js]
[unpkg.com/@google/model-viewer/dist/model-viewer.min.24.delayed]
[unpkg.com/@google/model-viewer@1.9.0/dist/model-viewer.min.js]
[metatun.com/js/scriptapp2dac.js]
[metatun.com/index.html]
[metatun.com/css/bootstrap.min.css]
[metatun.com/css/basece31.css]
[metatun.com/js/data2dac.json]
[metatun.com/image/banner.jpg]
[metatun.com/image/maproadbg.png]
[metatun.com/css/defaultce31.css]
